// Jest Snapshot v1, https://goo.gl/fbAQLP

exports[`Button Component #rendering renders correctly 1`] = `
<button
  class="button button--default button--medium"
>
  <!---->
   
  <!---->
   
  <!---->
</button>
`;
